/home/vitaliy_molnar/oms/src/test/java/com/softserveinc/edu/oms/persistence/dao/OrderItemDaoTest.java
/home/vitaliy_molnar/oms/src/test/java/com/softserveinc/edu/oms/web/orderitem/model/temporarydata/beans/TemporaryOrderTest.java
/home/vitaliy_molnar/oms/src/test/java/com/softserveinc/edu/oms/web/orderitem/model/temporarydata/TemporaryOrderDataTest.java
/home/vitaliy_molnar/oms/src/test/java/com/softserveinc/edu/oms/web/orderitem/model/OrderItemsLinesNumberModelTest.java
/home/vitaliy_molnar/oms/src/test/java/com/softserveinc/edu/oms/persistence/dao/DimensionDaoTest.java
/home/vitaliy_molnar/oms/src/test/java/com/softserveinc/edu/oms/persistence/dao/CleanUpDBTestCase.java
/home/vitaliy_molnar/oms/src/test/java/com/softserveinc/edu/oms/persistence/dao/OrderDaoTest.java
/home/vitaliy_molnar/oms/src/test/java/com/softserveinc/edu/oms/persistence/entities/OrderItemTest.java
/home/vitaliy_molnar/oms/src/test/java/com/softserveinc/edu/oms/web/orderitem/model/temporarydata/beans/TempOrderItemTest.java
/home/vitaliy_molnar/oms/src/test/java/com/softserveinc/edu/oms/persistence/dao/UserDaoTest.java
/home/vitaliy_molnar/oms/src/test/java/com/softserveinc/edu/oms/web/orderitem/model/temporarydata/TemporaryListOrderDataTest.java
/home/vitaliy_molnar/oms/src/test/java/com/softserveinc/edu/oms/persistence/dao/OrderStatusDaoTest.java
/home/vitaliy_molnar/oms/src/test/java/com/softserveinc/edu/oms/persistence/dao/RoleDAOTest.java
/home/vitaliy_molnar/oms/src/test/java/com/softserveinc/edu/oms/persistence/dao/CustomerTypeDaoTest.java
/home/vitaliy_molnar/oms/src/test/java/com/softserveinc/edu/oms/persistence/dao/RegionDaoTest.java
/home/vitaliy_molnar/oms/src/test/java/com/softserveinc/edu/oms/web/orderitem/model/OrderItemsPageModelTest.java
/home/vitaliy_molnar/oms/src/test/java/com/softserveinc/edu/oms/persistence/entities/ProductTest.java
/home/vitaliy_molnar/oms/src/test/java/com/softserveinc/edu/oms/persistence/dao/ProductDaoTest.java
/home/vitaliy_molnar/oms/src/test/java/com/softserveinc/edu/oms/web/orderitem/model/temporarydata/TemporaryDataTest.java
